\BOOKMARK [1][-]{section.1}{\376\377\000I\000n\000t\000r\000o\000d\000u\000c\000t\000i\000o\000n}{}% 1
\BOOKMARK [1][-]{section.2}{\376\377\000T\000w\000o\000\040\000L\000o\000o\000p\000s\000:\000\040\000D\000e\000s\000c\000e\000n\000t\000\040\000a\000n\000d\000\040\000S\000t\000a\000r\000s\000!}{}% 2
\BOOKMARK [1][-]{section.3}{\376\377\000M\000e\000m\000o\000r\000y\000\040\000f\000o\000r\000\040\000P\000l\000a\000c\000e\000s}{}% 3
\BOOKMARK [1][-]{section.4}{\376\377\000A\000\040\000W\000o\000r\000k\000\040\000a\000s\000\040\000a\000\040\000L\000e\000v\000e\000l}{}% 4
\BOOKMARK [2][-]{subsection.4.1}{\376\377\000C\000h\000a\000m\000b\000e\000r\000s\000,\000\040\000a\000l\000c\000o\000v\000e\000s\000\040\000a\000n\000d\000\040\000p\000a\000s\000s\000a\000g\000e\000s}{section.4}% 5
\BOOKMARK [2][-]{subsection.4.2}{\376\377\000F\000i\000x\000e\000d\000\040\000a\000x\000e\000s}{section.4}% 6
\BOOKMARK [2][-]{subsection.4.3}{\376\377\000D\000i\000r\000e\000c\000t\000i\000v\000e\000s\000,\000\040\000t\000h\000r\000e\000a\000d\000s\000\040\000a\000n\000d\000\040\000p\000o\000r\000t\000a\000l\000s}{section.4}% 7
\BOOKMARK [2][-]{subsection.4.4}{\376\377\000R\000e\000a\000d\000i\000n\000g\000\040\000t\000e\000x\000t}{section.4}% 8
\BOOKMARK [1][-]{section.5}{\376\377\000P\000l\000a\000c\000e\000\040\000I\000s\000\040\000R\000e\000m\000e\000m\000b\000e\000r\000e\000d}{}% 9
\BOOKMARK [2][-]{subsection.5.1}{\376\377\000D\000i\000g\000g\000i\000n\000g}{section.5}% 10
\BOOKMARK [2][-]{subsection.5.2}{\376\377\000I\000d\000e\000n\000t\000i\000t\000y}{section.5}% 11
\BOOKMARK [1][-]{section.6}{\376\377\000T\000h\000e\000\040\000V\000e\000r\000b\000s\000\040\000o\000f\000\040\000a\000\040\000R\000e\000a\000d\000e\000r}{}% 12
\BOOKMARK [2][-]{subsection.6.1}{\376\377\000M\000o\000v\000e\000m\000e\000n\000t\000\040\000a\000n\000d\000\040\000r\000e\000a\000d\000i\000n\000g}{section.6}% 13
\BOOKMARK [2][-]{subsection.6.2}{\376\377\000I\000n\000s\000p\000e\000c\000t\000,\000\040\000b\000i\000n\000d\000\040\000a\000n\000d\000\040\000b\000e\000a\000c\000o\000n}{section.6}% 14
\BOOKMARK [2][-]{subsection.6.3}{\376\377\000S\000c\000a\000n}{section.6}% 15
\BOOKMARK [2][-]{subsection.6.4}{\376\377\000R\000e\000a\000r\000\040\000v\000i\000e\000w\000,\000\040\000p\000a\000t\000h\000\040\000a\000n\000d\000\040\000c\000r\000u\000i\000s\000e}{section.6}% 16
\BOOKMARK [2][-]{subsection.6.5}{\376\377\000T\000h\000e\000\040\000a\000u\000t\000o\000m\000a\000p}{section.6}% 17
\BOOKMARK [2][-]{subsection.6.6}{\376\377\000T\000e\000x\000t\000\040\000n\000a\000v\000i\000g\000a\000t\000o\000r\000\040\000a\000n\000d\000\040\000t\000e\000r\000m\000i\000n\000a\000l}{section.6}% 18
\BOOKMARK [1][-]{section.7}{\376\377\000T\000h\000e\000\040\000R\000e\000a\000d\000e\000r\000'\000s\000\040\000L\000o\000g}{}% 19
\BOOKMARK [2][-]{subsection.7.1}{\376\377\000E\000v\000e\000n\000t\000s\000\040\000a\000n\000d\000\040\000i\000d\000e\000n\000t\000i\000t\000y}{section.7}% 20
\BOOKMARK [2][-]{subsection.7.2}{\376\377\000D\000e\000r\000i\000v\000e\000d\000\040\000s\000t\000a\000t\000e}{section.7}% 21
\BOOKMARK [2][-]{subsection.7.3}{\376\377\000W\000h\000e\000r\000e\000\040\000t\000h\000e\000\040\000l\000o\000g\000\040\000l\000i\000v\000e\000s}{section.7}% 22
\BOOKMARK [1][-]{section.8}{\376\377\000T\000h\000e\000\040\000C\000o\000r\000p\000u\000s\000\040\000a\000s\000\040\000a\000\040\000G\000a\000l\000a\000x\000y}{}% 23
\BOOKMARK [2][-]{subsection.8.1}{\376\377\000R\000e\000c\000o\000r\000d\000s\000\040\000a\000n\000d\000\040\000e\000d\000i\000t\000i\000o\000n\000s}{section.8}% 24
\BOOKMARK [2][-]{subsection.8.2}{\376\377\000P\000l\000a\000c\000e\000m\000e\000n\000t\000\040\000b\000y\000\040\000a\000c\000c\000r\000e\000t\000i\000o\000n}{section.8}% 25
\BOOKMARK [2][-]{subsection.8.3}{\376\377\000L\000a\000n\000e\000s}{section.8}% 26
\BOOKMARK [2][-]{subsection.8.4}{\376\377\000V\000i\000e\000w\000s\000\040\000a\000n\000d\000\040\000t\000h\000e\000\040\000r\000e\000p\000o\000r\000t}{section.8}% 27
\BOOKMARK [1][-]{section.9}{\376\377\000I\000m\000p\000l\000e\000m\000e\000n\000t\000a\000t\000i\000o\000n}{}% 28
\BOOKMARK [2][-]{subsection.9.1}{\376\377\000R\000e\000a\000d\000i\000n\000g\000\040\000L\000a\000T\000e\000X\000\040\000a\000s\000\040\000i\000t\000\040\000i\000s\000\040\000w\000r\000i\000t\000t\000e\000n}{section.9}% 29
\BOOKMARK [2][-]{subsection.9.2}{\376\377\000B\000u\000i\000l\000d\000i\000n\000g\000\040\000a\000\040\000c\000o\000r\000p\000u\000s}{section.9}% 30
\BOOKMARK [2][-]{subsection.9.3}{\376\377\000L\000o\000a\000d\000i\000n\000g\000\040\000o\000n\000\040\000d\000e\000m\000a\000n\000d}{section.9}% 31
\BOOKMARK [2][-]{subsection.9.4}{\376\377\000T\000w\000o\000\040\000b\000u\000i\000l\000d\000s\000\040\000o\000f\000\040\000t\000h\000e\000\040\000p\000a\000g\000e}{section.9}% 32
\BOOKMARK [2][-]{subsection.9.5}{\376\377\000T\000e\000s\000t\000i\000n\000g}{section.9}% 33
\BOOKMARK [1][-]{section.10}{\376\377\000A\000\040\000F\000i\000r\000s\000t\000\040\000T\000r\000i\000a\000l}{}% 34
\BOOKMARK [2][-]{subsection.10.1}{\376\377\000W\000h\000a\000t\000\040\000t\000h\000e\000\040\000p\000a\000r\000s\000e\000r\000\040\000h\000a\000d\000\040\000t\000o\000\040\000l\000e\000a\000r\000n}{section.10}% 35
\BOOKMARK [2][-]{subsection.10.2}{\376\377\000E\000d\000i\000t\000i\000o\000n\000s}{section.10}% 36
\BOOKMARK [2][-]{subsection.10.3}{\376\377\000C\000o\000n\000n\000e\000c\000t\000i\000v\000i\000t\000y}{section.10}% 37
\BOOKMARK [2][-]{subsection.10.4}{\376\377\000P\000l\000a\000c\000e\000m\000e\000n\000t}{section.10}% 38
\BOOKMARK [2][-]{subsection.10.5}{\376\377\000C\000y\000c\000l\000e\000s}{section.10}% 39
\BOOKMARK [1][-]{section.11}{\376\377\000M\000a\000t\000h\000e\000m\000a\000t\000i\000c\000a\000l\000\040\000I\000n\000t\000e\000r\000p\000r\000e\000t\000a\000t\000i\000o\000n\000s}{}% 40
\BOOKMARK [2][-]{subsection.11.1}{\376\377\000M\000e\000a\000n\000i\000n\000g\000\040\000a\000s\000\040\000a\000\040\000f\000u\000n\000c\000t\000i\000o\000n\000,\000\040\000p\000l\000a\000c\000e\000\040\000a\000s\000\040\000a\000\040\000f\000o\000l\000d}{section.11}% 41
\BOOKMARK [2][-]{subsection.11.2}{\376\377\000I\000d\000e\000n\000t\000i\000t\000y\000\040\000a\000s\000\040\000r\000e\000c\000o\000v\000e\000r\000a\000b\000l\000e\000\040\000d\000i\000s\000t\000i\000n\000c\000t\000i\000o\000n}{section.11}% 42
\BOOKMARK [2][-]{subsection.11.3}{\376\377\000T\000h\000e\000\040\000l\000o\000g\000\040\000a\000s\000\040\000a\000\040\000s\000e\000m\000i\000l\000a\000t\000t\000i\000c\000e}{section.11}% 43
\BOOKMARK [2][-]{subsection.11.4}{\376\377\000C\000h\000a\000m\000b\000e\000r\000\040\000s\000t\000a\000t\000e\000s\000\040\000a\000n\000d\000\040\000t\000h\000e\000\040\000b\000o\000u\000n\000d\000a\000r\000y\000\040\000o\000f\000\040\000l\000o\000o\000k\000i\000n\000g}{section.11}% 44
\BOOKMARK [2][-]{subsection.11.5}{\376\377\000P\000l\000a\000c\000e\000m\000e\000n\000t\000\040\000a\000s\000\040\000c\000o\000n\000s\000t\000r\000a\000i\000n\000e\000d\000\040\000s\000t\000r\000e\000s\000s}{section.11}% 45
\BOOKMARK [2][-]{subsection.11.6}{\376\377\000C\000y\000c\000l\000e\000s\000,\000\040\000z\000o\000o\000m\000\040\000a\000n\000d\000\040\000q\000u\000o\000t\000i\000e\000n\000t\000s}{section.11}% 46
\BOOKMARK [2][-]{subsection.11.7}{\376\377\000L\000o\000a\000d\000i\000n\000g\000\040\000a\000s\000\040\000f\000a\000c\000t\000o\000r\000i\000s\000a\000t\000i\000o\000n}{section.11}% 47
\BOOKMARK [1][-]{section.12}{\376\377\000C\000o\000n\000n\000e\000c\000t\000i\000o\000n\000s\000\040\000w\000i\000t\000h\000\040\000R\000e\000l\000a\000t\000e\000d\000\040\000F\000r\000a\000m\000e\000w\000o\000r\000k\000s}{}% 48
\BOOKMARK [2][-]{subsection.12.1}{\376\377\000E\000v\000e\000n\000t\000-\000h\000i\000s\000t\000o\000r\000y\000\040\000c\000o\000m\000p\000u\000t\000a\000t\000i\000o\000n}{section.12}% 49
\BOOKMARK [2][-]{subsection.12.2}{\376\377\000H\000i\000s\000t\000o\000r\000y\000,\000\040\000s\000t\000a\000t\000e\000\040\000a\000n\000d\000\040\000a\000p\000p\000e\000a\000r\000a\000n\000c\000e}{section.12}% 50
\BOOKMARK [2][-]{subsection.12.3}{\376\377\000R\000e\000c\000o\000v\000e\000r\000a\000b\000l\000e\000\040\000d\000i\000s\000t\000i\000n\000c\000t\000i\000o\000n}{section.12}% 51
\BOOKMARK [2][-]{subsection.12.4}{\376\377\000S\000o\000u\000r\000c\000e\000-\000f\000i\000r\000s\000t\000\040\000p\000u\000b\000l\000i\000s\000h\000i\000n\000g}{section.12}% 52
\BOOKMARK [2][-]{subsection.12.5}{\376\377\000R\000e\000a\000c\000h\000a\000b\000i\000l\000i\000t\000y}{section.12}% 53
\BOOKMARK [2][-]{subsection.12.6}{\376\377\000R\000o\000u\000t\000i\000n\000g\000\040\000a\000t\000t\000e\000n\000t\000i\000o\000n}{section.12}% 54
\BOOKMARK [2][-]{subsection.12.7}{\376\377\000M\000o\000t\000o\000r\000\040\000g\000r\000a\000m\000m\000a\000r}{section.12}% 55
\BOOKMARK [1][-]{section.13}{\376\377\000L\000i\000m\000i\000t\000s\000\040\000a\000n\000d\000\040\000O\000p\000e\000n\000\040\000P\000r\000o\000b\000l\000e\000m\000s}{}% 56
\BOOKMARK [1][-]{section.14}{\376\377\000C\000o\000n\000c\000l\000u\000s\000i\000o\000n}{}% 57
\BOOKMARK [1][-]{appendix.A}{\376\377\000S\000o\000u\000r\000c\000e\000\040\000D\000i\000r\000e\000c\000t\000i\000v\000e\000s}{}% 58
\BOOKMARK [1][-]{appendix.B}{\376\377\000E\000v\000e\000n\000t\000s}{}% 59
