\BOOKMARK [1][-]{section.1}{\376\377\000R\000u\000n\000n\000i\000n\000g\000\040\000o\000r\000d\000e\000r}{}% 1
\BOOKMARK [1][-]{section.2}{\376\377\000P\000r\000o\000d\000u\000c\000t\000i\000o\000n\000\040\000c\000o\000n\000v\000e\000n\000t\000i\000o\000n\000s}{}% 2
\BOOKMARK [1][-]{section.3}{\376\377\000P\000a\000g\000e\000\040\0001\000:\000\040\000C\000o\000v\000e\000r}{}% 3
\BOOKMARK [1][-]{section.4}{\376\377\000P\000a\000g\000e\000\040\0002\000:\000\040\000T\000h\000r\000e\000e\000\040\000R\000o\000a\000d\000s\000\040\000O\000u\000t}{}% 4
\BOOKMARK [1][-]{section.5}{\376\377\000P\000a\000g\000e\000\040\0003\000:\000\040\000W\000h\000e\000n\000\040\000t\000h\000e\000\040\000W\000h\000a\000l\000e\000s\000\040\000R\000e\000t\000u\000r\000n}{}% 5
\BOOKMARK [1][-]{section.6}{\376\377\000P\000a\000g\000e\000\040\0004\000:\000\040\000T\000h\000e\000\040\000F\000u\000t\000u\000r\000e\000\040\000f\000o\000r\000\040\000W\000h\000o\000m\000?}{}% 6
\BOOKMARK [1][-]{section.7}{\376\377\000P\000a\000g\000e\000\040\0005\000:\000\040\000W\000h\000o\000\040\000F\000e\000e\000d\000s\000\040\000t\000h\000e\000\040\000M\000a\000c\000h\000i\000n\000e\000?}{}% 7
\BOOKMARK [1][-]{section.8}{\376\377\000P\000a\000g\000e\000\040\0006\000:\000\040\000T\000h\000e\000\040\000L\000e\000d\000g\000e\000r}{}% 8
\BOOKMARK [1][-]{section.9}{\376\377\000P\000a\000g\000e\000\040\0007\000:\000\040\000Y\000o\000u\000r\000\040\000R\000e\000p\000l\000a\000c\000e\000m\000e\000n\000t\000\040\000I\000s\000\040\000P\000r\000o\000g\000r\000e\000s\000s}{}% 9
\BOOKMARK [1][-]{section.10}{\376\377\000P\000a\000g\000e\000\040\0008\000:\000\040\000T\000h\000e\000\040\000W\000a\000l\000l\000\040\000w\000i\000t\000h\000\040\000N\000o\000\040\000W\000i\000t\000n\000e\000s\000s}{}% 10
\BOOKMARK [1][-]{section.11}{\376\377\000P\000a\000g\000e\000\040\0009\000:\000\040\000G\000o\000s\000p\000e\000l\000\040\000o\000f\000\040\000A\000c\000c\000e\000l\000e\000r\000a\000t\000i\000o\000n}{}% 11
\BOOKMARK [1][-]{section.12}{\376\377\000P\000a\000g\000e\000\040\0001\0000\000:\000\040\000A\000d\000m\000i\000s\000s\000i\000b\000l\000e\000\040\000D\000e\000g\000r\000a\000d\000a\000t\000i\000o\000n}{}% 12
\BOOKMARK [1][-]{section.13}{\376\377\000P\000a\000g\000e\000\040\0001\0001\000:\000\040\000T\000h\000e\000\040\000E\000x\000i\000t\000\040\000T\000h\000a\000t\000\040\000C\000a\000n\000n\000o\000t\000\040\000E\000x\000i\000t}{}% 13
\BOOKMARK [1][-]{section.14}{\376\377\000P\000a\000g\000e\000\040\0001\0002\000:\000\040\000T\000h\000e\000\040\000L\000i\000v\000i\000n\000g\000\040\000W\000o\000r\000l\000d}{}% 14
\BOOKMARK [1][-]{section.15}{\376\377\000P\000a\000g\000e\000\040\0001\0003\000:\000\040\000R\000e\000f\000e\000r\000e\000n\000c\000e\000s\000\040\000\046\000\040\000I\000n\000f\000l\000u\000e\000n\000c\000e\000s\000\040\000\050\000b\000a\000c\000k\000\040\000p\000a\000g\000e\000\051}{}% 15
\BOOKMARK [1][-]{section.16}{\376\377\000B\000i\000b\000l\000i\000o\000g\000r\000a\000p\000h\000y}{}% 16
\BOOKMARK [2][-]{subsection.16.1}{\376\377\000A\000r\000g\000u\000m\000e\000n\000t}{section.16}% 17
\BOOKMARK [2][-]{subsection.16.2}{\376\377\000R\000e\000l\000a\000t\000e\000d\000\040\000F\000l\000y\000x\000i\000o\000n\000\040\000e\000s\000s\000a\000y\000s}{section.16}% 18
\BOOKMARK [2][-]{subsection.16.3}{\376\377\000C\000h\000r\000i\000s\000t\000i\000a\000n\000\040\000t\000r\000a\000c\000t\000\040\000c\000o\000m\000i\000c\000s}{section.16}% 19
\BOOKMARK [2][-]{subsection.16.4}{\376\377\000P\000e\000r\000i\000o\000d\000\040\000c\000o\000m\000i\000c\000s\000\040\000a\000n\000d\000\040\000e\000p\000h\000e\000m\000e\000r\000a}{section.16}% 20
\BOOKMARK [2][-]{subsection.16.5}{\376\377\000F\000i\000l\000m}{section.16}% 21
\BOOKMARK [1][-]{section.17}{\376\377\000P\000r\000o\000d\000u\000c\000t\000i\000o\000n\000\040\000c\000h\000e\000c\000k\000l\000i\000s\000t}{}% 22
